// Jest Snapshot v1, https://goo.gl/fbAQLP

exports[`renders 1`] = `
<DocumentFragment>
  <div
    class="Input"
  >
    <input
      class="InputElement"
      placeholder="Item Name"
      type="text"
      value=""
    />
  </div>
</DocumentFragment>
`;
