// Jest Snapshot v1, https://goo.gl/fbAQLP

exports[`renders 1`] = `
<DocumentFragment>
  <div
    class="Backdrop"
    data-testid="backdropTag"
  />
</DocumentFragment>
`;
