// Jest Snapshot v1, https://goo.gl/fbAQLP

exports[`renders 1`] = `
<DocumentFragment>
  <button
    class="Button Success"
    data-testid="buttonTag"
  />
</DocumentFragment>
`;
