// Jest Snapshot v1, https://goo.gl/fbAQLP

exports[`renders 1`] = `
<DocumentFragment>
  <div
    class="item pending"
    data-testid="outerTag"
  >
    <p
      data-testid="titleTag"
    >
      head title
    </p>
    <p
      data-testid="statusTag"
    >
      pending
    </p>
  </div>
</DocumentFragment>
`;
