// Jest Snapshot v1, https://goo.gl/fbAQLP

exports[`renders 1`] = `
<DocumentFragment>
  <div
    class="Loader"
    data-testid="loaderTag"
  >
    Loading...
  </div>
</DocumentFragment>
`;
